Mon Oct  5 19:17:50 EDT 2026
## stop econoclm gateway (tmux econo:gw-main) - restart later with Up+Enter there
8787 free
## omnigent stop
Stopped 1 daemon(s) and the background server.
exit=0
6767 free
swebench/sweb.eval.x86_64.pytest-dev_1776_pytest-5809:latest
Mon Oct  5 19:17:55 EDT 2026
Mon Oct  5 19:18:03 EDT 2026
## omnigent start + gateway (tmux jev), .env exported
COMMAND     PID  USER   FD   TYPE             DEVICE SIZE/OFF NODE NAME
python3.1 46696 skavi    4u  IPv4 0xb07c49331fa562e7      0t0  TCP 127.0.0.1:8787 (LISTEN)
python3.1 46699 skavi   17u  IPv4 0x730990dd6da5ec62      0t0  TCP 127.0.0.1:6767 (LISTEN)
## key visible to omnigent processes?
46698 TYPESAFE=0
46699 TYPESAFE=0
46722 TYPESAFE=0
Mon Oct  5 19:18:08 EDT 2026
Mon Oct  5 19:20:26 EDT 2026
## restart omnigent + gateway to load env() change
Stopped 1 daemon(s) and the background server.
COMMAND PID NAME
python3.1 47984 127.0.0.1:8787
python3.1 47994 127.0.0.1:6767
Mon Oct  5 19:20:33 EDT 2026
Mon Oct  5 20:13:04 EDT 2026
## restart for econo-jev merged code
Stopped 1 daemon(s) and the background server.
COMMAND PID NAME
python3.1 73178 127.0.0.1:8787
python3.1 73184 127.0.0.1:6767
python -m omnigent_layer.gateway 2>&1 | tee -a runs/2026-10-05-jev/gateway.log
econocontext gateway on http://127.0.0.1:8787 -> https://aiplatform.googleapis.c
om/v1/projects/gen-lang-client-0621220639/locations/global/endpoints/openapi
Mon Oct  5 20:13:12 EDT 2026
