n  full  ptr  win   p_jev prior | KEEP_FULL   POINTER(jev)  | chosen  ptr_offered
 0     4   -     -   0.22 0.30 |        76   (not offered) | KEEP_FULL
 1   950  148     0  0.49 0.30 |     18050       12502  | KEEP_FULL
 2  1034   -     -   0.57 0.30 |     19646   (not offered) | KEEP_FULL
 3  1155   -     -   0.57 0.30 |     21945   (not offered) | KEEP_FULL
 4   125   -     -   0.27 0.30 |      2375   (not offered) | KEEP_FULL
 5    74   -     -   0.42 0.30 |      1406   (not offered) | KEEP_FULL
 6    49   -     -   0.35 0.30 |       931   (not offered) | KEEP_FULL
 7   302   -     -   0.52 0.30 |      5738   (not offered) | KEEP_FULL
 8    74   -     -   0.32 0.30 |      1406   (not offered) | KEEP_FULL
 9   488   -     -   0.56 0.30 |      9272   (not offered) | KEEP_FULL
10    43   -     -   0.50 0.30 |       817   (not offered) | KEEP_FULL
11    43   -     -   0.48 0.30 |       817   (not offered) | KEEP_FULL
12     8   -     -   0.22 0.30 |       152   (not offered) | KEEP_FULL
13   112   88     0  0.44 0.30 |      2128        3367  | KEEP_FULL
14     8   -     -   0.23 0.30 |       152   (not offered) | KEEP_FULL
15   168  111     0  0.38 0.30 |      3192        3977  | KEEP_FULL
16     8   -     -   0.25 0.30 |       152   (not offered) | KEEP_FULL
17   125   -     -   0.29 0.30 |      2375   (not offered) | KEEP_FULL
18    19   -     -   0.30 0.30 |       361   (not offered) | KEEP_FULL
19   292  161     0  0.50 0.30 |      5548        6696  | KEEP_FULL
20   125   -     -   0.30 0.30 |      2375   (not offered) | KEEP_FULL
21   116   90     0  0.45 0.30 |      2204        3478  | KEEP_FULL
22   272  110     0  0.36 0.30 |      5168        4571  | KEEP_FULL
23    87   -     -   0.42 0.30 |      1653   (not offered) | KEEP_FULL
24    82   -     -   0.32 0.30 |      1558   (not offered) | KEEP_FULL
25     8   -     -   0.24 0.30 |       152   (not offered) | KEEP_FULL
26   125   -     -   0.32 0.30 |      2375   (not offered) | KEEP_FULL

BIGGEST: {
 "candidates": {
  "KEEP_FULL": {
   "prepare": 0.0,
   "work": 0.0,
   "integrate": 950.0,
   "leaves_behind": 17100.0,
   "latency_ms": 0.0
  },
  "POINTER": {
   "prepare": 465.5,
   "work": 845.2499999999999,
   "integrate": 148.0,
   "leaves_behind": 11043.0,
   "latency_ms": 686.0
  }
 },
 "payloads": {
  "KEEP_FULL": {
   "result_tokens": 950,
   "resident_tokens": 950
  },
  "POINTER": {
   "result_tokens": 148,
   "resident_tokens": 148,
   "reread_tokens": 950,
   "p_need_again": 0.49,
   "extra_calls": 0.49,
   "extra_call_input_tokens": 0,
   "needs_exact_bytes": false
  }
 },
 "prediction": {
  "p_need_again": 0.49,
  "source": "jev",
  "prior": 0.3,
  "jev_usage": {
   "input_tokens": 4160,
   "output_tokens": 21
  }
 }
}
why_not: [{"name": "POINTER", "why_not": "allowlist: operator not enabled in the allowlist"}]
