Mon Oct  5 23:47:45 EDT 2026
== v2x:econo+jev:maven-slf4j-conflict
{
  "run": "v2x:econo+jev:maven-slf4j-conflict",
  "exit": 0,
  "seconds": 349,
  "reward": 1.0,
  "exception": null,
  "claude_code": [
    "2.1.290"
  ],
  "usage": {
    "calls": 25,
    "input": 50,
    "cache_read": 1311461,
    "cache_write_5m": 39381,
    "cache_write_1h": 0,
    "output": 20444
  },
  "run_cost_usd": 0.5653,
  "gateway_cost_usd": 0.5653,
  "decisions": {
    "9 invalidate: bump": 18,
    "4 arrival: slice": 6,
    "7 compact: compact": 1,
    "4 arrival: full": 1
  },
  "jev": {
    "calls": 8,
    "input_tokens": 132317,
    "cost_usd_at_0.042_per_mtok": 0.00556
  }
}
exit=0
Mon Oct  5 23:53:35 EDT 2026
