Mon Oct  5 22:51:13 EDT 2026
== v2spike:econo+jev:spike-all-nine
{
  "run": "v2spike:econo+jev:spike-all-nine",
  "exit": 0,
  "seconds": 105,
  "reward": 1.0,
  "exception": null,
  "usage": {
    "calls": 19,
    "input": 38,
    "cache_read": 658318,
    "cache_write_5m": 47508,
    "cache_write_1h": 0,
    "output": 7765
  },
  "run_cost_usd": 0.3282,
  "gateway_cost_usd": 0.3282,
  "decisions": {},
  "jev": {
    "calls": 0,
    "input_tokens": 0,
    "cost_usd_at_0.042_per_mtok": 0.0
  }
}
exit=0
Mon Oct  5 22:52:58 EDT 2026
