Mon Oct  5 23:06:01 EDT 2026
== v2x:baseline:maven-slf4j-conflict
{
  "run": "v2x:baseline:maven-slf4j-conflict",
  "exit": 0,
  "seconds": 2489,
  "reward": 1.0,
  "exception": null,
  "claude_code": [
    "2.1.290"
  ],
  "usage": {
    "calls": 21,
    "input": 42,
    "cache_read": 992916,
    "cache_write_5m": 80825,
    "cache_write_1h": 0,
    "output": 19295
  },
  "run_cost_usd": 0.5937,
  "gateway_cost_usd": 0.5774,
  "decisions": {},
  "jev": {
    "calls": 0,
    "input_tokens": 0,
    "cost_usd_at_0.042_per_mtok": 0.0
  }
}
exit=0
Mon Oct  5 23:47:30 EDT 2026
