Tue Oct  6 00:06:11 EDT 2026
== v2x:baseline:bandit-delayed-feedback
{
  "run": "v2x:baseline:bandit-delayed-feedback",
  "exit": 0,
  "seconds": 356,
  "reward": 0.0,
  "exception": null,
  "claude_code": [
    "2.1.290"
  ],
  "usage": {
    "calls": 16,
    "input": 32,
    "cache_read": 906119,
    "cache_write_5m": 43332,
    "cache_write_1h": 0,
    "output": 27299
  },
  "gateway_cost_usd": 0.5626,
  "run_cost_usd": 0.5626,
  "cost_sources": {
    "gateway_calls": 16,
    "transcript_only_calls": 0,
    "transcript_only_usd": 0.0,
    "transcript_usd": 0.5626
  },
  "decisions": {},
  "jev": {
    "calls": 0,
    "input_tokens": 0,
    "cost_usd_at_0.042_per_mtok": 0.0
  }
}
exit=0
Tue Oct  6 00:12:08 EDT 2026
