Mon Oct  5 23:55:02 EDT 2026
== v2x2:econo+jev:maven-slf4j-conflict
{
  "run": "v2x2:econo+jev:maven-slf4j-conflict",
  "exit": 0,
  "seconds": 492,
  "reward": 1.0,
  "exception": null,
  "claude_code": [
    "2.1.290"
  ],
  "usage": {
    "calls": 24,
    "input": 48,
    "cache_read": 1065638,
    "cache_write_5m": 53332,
    "cache_write_1h": 0,
    "output": 17979
  },
  "run_cost_usd": 0.5263,
  "gateway_cost_usd": 0.7283,
  "decisions": {
    "9 invalidate: bump": 18,
    "4 arrival: slice": 3,
    "7 compact: compact": 1,
    "7 compact: compacted": 1,
    "4 arrival: preview": 2
  },
  "jev": {
    "calls": 4,
    "input_tokens": 71445,
    "cost_usd_at_0.042_per_mtok": 0.003
  }
}
exit=0
Tue Oct  6 00:03:14 EDT 2026
