Mon Oct  5 22:49:44 EDT 2026
== v2a:baseline:acl-permissions-inheritance
{
  "run": "v2a:baseline:acl-permissions-inheritance",
  "exit": 0,
  "seconds": 77,
  "reward": 1.0,
  "exception": null,
  "usage": {
    "calls": 3,
    "input": 6,
    "cache_read": 71742,
    "cache_write_5m": 36821,
    "cache_write_1h": 0,
    "output": 907
  },
  "run_cost_usd": 0.1155,
  "gateway_cost_usd": 0.1155,
  "decisions": {},
  "jev": {
    "calls": 0,
    "input_tokens": 0,
    "cost_usd_at_0.042_per_mtok": 0.0
  }
}
exit=0
Mon Oct  5 22:51:01 EDT 2026
