Mon Oct  5 23:02:34 EDT 2026
== v2spike3:econo+jev:spike-all-nine
{
  "run": "v2spike3:econo+jev:spike-all-nine",
  "exit": 0,
  "seconds": 176,
  "reward": 1.0,
  "exception": null,
  "claude_code": [
    "2.1.290"
  ],
  "usage": {
    "calls": 23,
    "input": 46,
    "cache_read": 761357,
    "cache_write_5m": 85553,
    "cache_write_1h": 0,
    "output": 11888
  },
  "run_cost_usd": 0.4851,
  "gateway_cost_usd": 0.4851,
  "decisions": {
    "1 dont_repeat: note": 1,
    "2 delta_read: trim": 2,
    "3 serve_stored: serve": 1,
    "4 arrival: slice": 3,
    "3 serve_stored: restore": 1,
    "5 worker_report: slice": 1,
    "9 invalidate: bump": 2
  },
  "jev": {
    "calls": 4,
    "input_tokens": 52542,
    "cost_usd_at_0.042_per_mtok": 0.00221
  }
}
exit=0
Mon Oct  5 23:05:31 EDT 2026
