messages in trajectory: 90
Traceback (most recent call last):
  File "<stdin>", line 27, in <module>
  File "<stdin>", line 20, in send
  File "/opt/anaconda3/lib/python3.12/urllib/request.py", line 215, in urlopen
    return opener.open(url, data, timeout)
           ^^^^^^^^^^^^^^^^^^^^^^^^^^^^^^^
  File "/opt/anaconda3/lib/python3.12/urllib/request.py", line 515, in open
    response = self._open(req, data)
               ^^^^^^^^^^^^^^^^^^^^^
  File "/opt/anaconda3/lib/python3.12/urllib/request.py", line 532, in _open
    result = self._call_chain(self.handle_open, protocol, protocol +
             ^^^^^^^^^^^^^^^^^^^^^^^^^^^^^^^^^^^^^^^^^^^^^^^^^^^^^^^
  File "/opt/anaconda3/lib/python3.12/urllib/request.py", line 492, in _call_chain
    result = func(*args)
             ^^^^^^^^^^^
  File "/opt/anaconda3/lib/python3.12/urllib/request.py", line 1392, in https_open
    return self.do_open(http.client.HTTPSConnection, req,
           ^^^^^^^^^^^^^^^^^^^^^^^^^^^^^^^^^^^^^^^^^^^^^^
  File "/opt/anaconda3/lib/python3.12/urllib/request.py", line 1348, in do_open
    r = h.getresponse()
        ^^^^^^^^^^^^^^^
  File "/opt/anaconda3/lib/python3.12/http/client.py", line 1428, in getresponse
    response.begin()
  File "/opt/anaconda3/lib/python3.12/http/client.py", line 331, in begin
    version, status, reason = self._read_status()
                              ^^^^^^^^^^^^^^^^^^^
  File "/opt/anaconda3/lib/python3.12/http/client.py", line 300, in _read_status
    raise RemoteDisconnected("Remote end closed connection without"
http.client.RemoteDisconnected: Remote end closed connection without response
exit 1
tiny request: 200 {'input_tokens': 280, 'output_tokens': 20}
as in the runs: limit 28000, 109,593 chars, our estimate 27,399 -> HTTP 400 {'error_type': 'max_tokens_exceeded'} in 0s
smaller: limit 12000, 40,873 chars, our estimate 10,219 -> 200 in 0s, Jev counted 16,011 (2.55 chars/Jev token)
small: limit 6000, 23,711 chars, our estimate 5,928 -> 200 in 0s, Jev counted 8,884 (2.67 chars/Jev token)
